#-----------------------------------------------------------
# Vivado v2021.1 (64-bit)
# SW Build 3247384 on Thu Jun 10 19:36:33 MDT 2021
# IP Build 3246043 on Fri Jun 11 00:30:35 MDT 2021
# Start of session at: Tue Jun 21 06:58:24 2022
# Process ID: 7200
# Current directory: C:/Users/Dayalan/Desktop/FMCW_FFT_Radar
# Command line: vivado.exe -gui_launcher_event rodinguilauncherevent2252 C:\Users\Dayalan\Desktop\FMCW_FFT_Radar\FMCW_FFT_Radar.xpr
# Log file: C:/Users/Dayalan/Desktop/FMCW_FFT_Radar/vivado.log
# Journal file: C:/Users/Dayalan/Desktop/FMCW_FFT_Radar\vivado.jou
#-----------------------------------------------------------
start_gui
open_project C:/Users/Dayalan/Desktop/FMCW_FFT_Radar/FMCW_FFT_Radar.xpr
launch_simulation
launch_simulation
launch_simulation
launch_simulation
source UART_AXIS_TB.tcl
open_wave_config {C:/Users/Dayalan/Desktop/FMCW_FFT_Radar/Waveform_configurations/UART_AXIS_TB_behav.wcfg}
run all
save_wave_config {C:/Users/Dayalan/Desktop/FMCW_FFT_Radar/Waveform_configurations/UART_AXIS_TB_behav.wcfg}
save_wave_config {C:/Users/Dayalan/Desktop/FMCW_FFT_Radar/Waveform_configurations/UART_AXIS_TB_behav.wcfg}
run 30 us
run 30 us
relaunch_sim
run all
run all
relaunch_sim
restart
run all
run all
relaunch_sim
run all
relaunch_sim
run all
